<html>
<body>
<pre>
<h1>µVision Build Log</h1>
<h2>Tool Versions:</h2>
IDE-Version: µVision V5.29.0.0
Copyright (C) 2019 ARM Ltd and ARM Germany GmbH. All rights reserved.
License Information: G GM, El, LIC=8MZJJ-U4BNN-XCKJ0-BM7FL-9HMEU-7684F
 
Tool Versions:
Toolchain:       MDK-ARM Professional  Version: 5.29.0.0
Toolchain Path:  C:\Keil_v5\ARM\ARMCC\Bin
C Compiler:      Armcc.exe V5.06 update 6 (build 750)
Assembler:       Armasm.exe V5.06 update 6 (build 750)
Linker/Locator:  ArmLink.exe V5.06 update 6 (build 750)
Library Manager: ArmAr.exe V5.06 update 6 (build 750)
Hex Converter:   FromElf.exe V5.06 update 6 (build 750)
CPU DLL:         SARMCM3.DLL V5.29.0.0
Dialog DLL:      DCM.DLL V1.17.3.0
Target DLL:      STLink\ST-LINKIII-KEIL_SWO.dll V3.0.7.0
Dialog DLL:      TCM.DLL V1.36.5.0
 
<h2>Project:</h2>
C:\TouchGFXProjects\MyApplication_1\target\Keil\application.uvprojx
Project File Date:  06/30/2020

<h2>Output:</h2>
*** Using Compiler 'V5.06 update 6 (build 750)', folder: 'C:\Keil_v5\ARM\ARMCC\Bin'
Rebuild target 'STM32F746G-DISCO'
assembling startup_stm32f746xx.s...
compiling main.cpp...
compiling system_stm32f7xx.c...
compiling STM32F7HAL.cpp...
compiling STM32F7Instrumentation.cpp...
compiling GPIO.cpp...
compiling stm32746g_discovery.c...
compiling STM32F7DMA.cpp...
compiling stm32746g_discovery_sd.c...
compiling croutine.c...
compiling BoardConfiguration.cpp...
../../gui/include/gui/common/FrontendApplication.hpp(18): warning:  #1300-D: handleClickEvent inherits implicit virtual
      void handleClickEvent(const ClickEvent& evt);
../../gui/include/gui/common/FrontendApplication.hpp(19): warning:  #1300-D: handleDragEvent inherits implicit virtual
      void handleDragEvent(const DragEvent& evt);
../bsp/source/BoardConfiguration.cpp: 2 warnings, 0 errors
compiling stm32746g_discovery_lcd.c...
../bsp/source/vendor/STM32746G-Discovery/stm32746g_discovery_lcd.c(912): warning:  #550-D: variable "k"  was set but never used
    float k = 0, rad1 = 0, rad2 = 0;
../bsp/source/vendor/STM32746G-Discovery/stm32746g_discovery_lcd.c: 1 warning, 0 errors
compiling list.c...
compiling event_groups.c...
compiling timers.c...
compiling queue.c...
compiling stm32746g_discovery_sdram.c...
compiling tasks.c...
compiling OSWrappers.cpp...
compiling heap_2.c...
compiling port.c...
../os/FreeRTOS8.2.0/Source/portable/RVDS/ST_CM7/port.c(386): warning:  #1215-D: #warning directive: Must read VFP type.
  #warning Must read VFP type.
../os/FreeRTOS8.2.0/Source/portable/RVDS/ST_CM7/port.c: 1 warning, 0 errors
compiling ft5336.c...
compiling stm32746g_discovery_ts.c...
compiling STM32F746GTouchController.cpp...
compiling stm32746g_discovery_qspi.c...
compiling stm32f7xx_hal.c...
compiling stm32f7xx_hal_can.c...
compiling stm32f7xx_hal_adc.c...
compiling stm32f7xx_hal_cec.c...
compiling stm32f7xx_hal_adc_ex.c...
compiling stm32f7xx_hal_crc.c...
compiling stm32f7xx_hal_cortex.c...
compiling stm32f7xx_hal_cryp.c...
compiling stm32f7xx_hal_crc_ex.c...
compiling stm32f7xx_hal_cryp_ex.c...
compiling stm32f7xx_hal_dcmi.c...
compiling stm32f7xx_hal_dac_ex.c...
compiling stm32f7xx_hal_dac.c...
compiling stm32f7xx_hal_dcmi_ex.c...
compiling stm32f7xx_hal_dma_ex.c...
compiling stm32f7xx_hal_dma.c...
compiling stm32f7xx_hal_eth.c...
compiling stm32f7xx_hal_flash.c...
compiling stm32f7xx_hal_flash_ex.c...
compiling stm32f7xx_hal_dma2d.c...
compiling stm32f7xx_hal_gpio.c...
compiling stm32f7xx_hal_hash.c...
compiling stm32f7xx_hal_hash_ex.c...
compiling stm32f7xx_hal_hcd.c...
compiling stm32f7xx_hal_i2c_ex.c...
compiling stm32f7xx_hal_i2s.c...
compiling stm32f7xx_hal_irda.c...
compiling stm32f7xx_hal_i2c.c...
compiling stm32f7xx_hal_lptim.c...
compiling stm32f7xx_hal_iwdg.c...
compiling stm32f7xx_hal_ltdc.c...
compiling stm32f7xx_hal_nand.c...
compiling stm32f7xx_hal_msp_template.c...
compiling stm32f7xx_hal_nor.c...
compiling stm32f7xx_hal_pcd.c...
compiling stm32f7xx_hal_pcd_ex.c...
compiling stm32f7xx_hal_pwr.c...
compiling stm32f7xx_hal_pwr_ex.c...
compiling stm32f7xx_hal_rng.c...
compiling stm32f7xx_hal_qspi.c...
compiling stm32f7xx_hal_rcc.c...
compiling stm32f7xx_hal_rcc_ex.c...
compiling stm32f7xx_hal_rtc.c...
compiling stm32f7xx_hal_rtc_ex.c...
compiling stm32f7xx_hal_sai.c...
compiling stm32f7xx_hal_sai_ex.c...
compiling stm32f7xx_hal_sd.c...
compiling stm32f7xx_hal_sdram.c...
compiling stm32f7xx_hal_smartcard.c...
compiling stm32f7xx_hal_smartcard_ex.c...
compiling stm32f7xx_hal_spdifrx.c...
compiling stm32f7xx_hal_spi.c...
compiling stm32f7xx_hal_sram.c...
compiling stm32f7xx_hal_tim_ex.c...
compiling stm32f7xx_hal_uart.c...
compiling stm32f7xx_hal_usart.c...
compiling stm32f7xx_hal_tim.c...
compiling AboutPresenter.cpp...
../../gui/include/gui/common/FrontendApplication.hpp(18): warning:  #1300-D: handleClickEvent inherits implicit virtual
      void handleClickEvent(const ClickEvent& evt);
../../gui/include/gui/common/FrontendApplication.hpp(19): warning:  #1300-D: handleDragEvent inherits implicit virtual
      void handleDragEvent(const DragEvent& evt);
../../gui/src/about_screen/aboutpresenter.cpp: 2 warnings, 0 errors
compiling AboutView.cpp...
../../gui/include/gui/common/FrontendApplication.hpp(18): warning:  #1300-D: handleClickEvent inherits implicit virtual
      void handleClickEvent(const ClickEvent& evt);
../../gui/include/gui/common/FrontendApplication.hpp(19): warning:  #1300-D: handleDragEvent inherits implicit virtual
      void handleDragEvent(const DragEvent& evt);
../../gui/src/about_screen/aboutview.cpp: 2 warnings, 0 errors
compiling stm32f7xx_hal_wwdg.c...
compiling ClickableContainer.cpp...
compiling FrontendApplication.cpp...
../../gui/include/gui/common/FrontendApplication.hpp(18): warning:  #1300-D: handleClickEvent inherits implicit virtual
      void handleClickEvent(const ClickEvent& evt);
../../gui/include/gui/common/FrontendApplication.hpp(19): warning:  #1300-D: handleDragEvent inherits implicit virtual
      void handleDragEvent(const DragEvent& evt);
../../gui/src/common/frontendapplication.cpp: 2 warnings, 0 errors
compiling Model.cpp...
../../gui/include/gui/common/FrontendApplication.hpp(18): warning:  #1300-D: handleClickEvent inherits implicit virtual
      void handleClickEvent(const ClickEvent& evt);
../../gui/include/gui/common/FrontendApplication.hpp(19): warning:  #1300-D: handleDragEvent inherits implicit virtual
      void handleDragEvent(const DragEvent& evt);
../../gui/src/model/model.cpp: 2 warnings, 0 errors
compiling MainPresenter.cpp...
../../gui/include/gui/common/FrontendApplication.hpp(18): warning:  #1300-D: handleClickEvent inherits implicit virtual
      void handleClickEvent(const ClickEvent& evt);
../../gui/include/gui/common/FrontendApplication.hpp(19): warning:  #1300-D: handleDragEvent inherits implicit virtual
      void handleDragEvent(const DragEvent& evt);
../../gui/src/main_screen/mainpresenter.cpp: 2 warnings, 0 errors
compiling stm32f7xx_ll_fmc.c...
compiling stm32f7xx_ll_sdmmc.c...
compiling Programs.cpp...
compiling ParticleEffect.cpp...
../../gui/src/screensaver_screen/particleeffect.cpp(49): warning:  #1035-D: single-precision operand implicitly converted to double-precision
      if (alpha <= 0.0)
../../gui/src/screensaver_screen/particleeffect.cpp: 1 warning, 0 errors
compiling ScreenSaverPresenter.cpp...
../../gui/include/gui/common/FrontendApplication.hpp(18): warning:  #1300-D: handleClickEvent inherits implicit virtual
      void handleClickEvent(const ClickEvent& evt);
../../gui/include/gui/common/FrontendApplication.hpp(19): warning:  #1300-D: handleDragEvent inherits implicit virtual
      void handleDragEvent(const DragEvent& evt);
../../gui/src/screensaver_screen/screensaverpresenter.cpp: 2 warnings, 0 errors
compiling ScreenSaverView.cpp...
../../gui/include/gui/common/FrontendApplication.hpp(18): warning:  #1300-D: handleClickEvent inherits implicit virtual
      void handleClickEvent(const ClickEvent& evt);
../../gui/include/gui/common/FrontendApplication.hpp(19): warning:  #1300-D: handleDragEvent inherits implicit virtual
      void handleDragEvent(const DragEvent& evt);
../../gui/src/screensaver_screen/screensaverview.cpp: 2 warnings, 0 errors
compiling stm32f7xx_ll_usb.c...
compiling TouchForwarder.cpp...
compiling ScrollingMenu.cpp...
compiling SparseContainerList.cpp...
compiling MainView.cpp...
../../gui/include/gui/common/FrontendApplication.hpp(18): warning:  #1300-D: handleClickEvent inherits implicit virtual
      void handleClickEvent(const ClickEvent& evt);
../../gui/include/gui/common/FrontendApplication.hpp(19): warning:  #1300-D: handleDragEvent inherits implicit virtual
      void handleDragEvent(const DragEvent& evt);
../../gui/src/main_screen/mainview.cpp: 2 warnings, 0 errors
compiling allergy.cpp...
compiling about_selected.cpp...
compiling ApplicationFontProvider.cpp...
compiling VideoPresenter.cpp...
../../gui/include/gui/common/FrontendApplication.hpp(18): warning:  #1300-D: handleClickEvent inherits implicit virtual
      void handleClickEvent(const ClickEvent& evt);
../../gui/include/gui/common/FrontendApplication.hpp(19): warning:  #1300-D: handleDragEvent inherits implicit virtual
      void handleDragEvent(const DragEvent& evt);
../../gui/src/video_screen/videopresenter.cpp: 2 warnings, 0 errors
compiling back_arrow.cpp...
compiling VideoView.cpp...
../../gui/include/gui/common/FrontendApplication.hpp(18): warning:  #1300-D: handleClickEvent inherits implicit virtual
      void handleClickEvent(const ClickEvent& evt);
../../gui/include/gui/common/FrontendApplication.hpp(19): warning:  #1300-D: handleDragEvent inherits implicit virtual
      void handleDragEvent(const DragEvent& evt);
../../gui/src/video_screen/videoview.cpp(18): warning:  #161-D: unrecognized #pragma
  _Pragma("data_alignment = 64")
../../gui/src/video_screen/videoview.cpp: 3 warnings, 0 errors
compiling AboutViewBase.cpp...
../../gui/include/gui/common/FrontendApplication.hpp(18): warning:  #1300-D: handleClickEvent inherits implicit virtual
      void handleClickEvent(const ClickEvent& evt);
../../gui/include/gui/common/FrontendApplication.hpp(19): warning:  #1300-D: handleDragEvent inherits implicit virtual
      void handleDragEvent(const DragEvent& evt);
../../generated/gui_generated/src/about_screen/aboutviewbase.cpp: 2 warnings, 0 errors
compiling blue_done.cpp...
compiling BitmapDatabase.cpp...
compiling back_center_white.cpp...
compiling banner.cpp...
compiling buttom_arrow.cpp...
compiling back_center_gray.cpp...
compiling blue_start.cpp...
compiling CachedFont.cpp...
compiling background.cpp...
compiling bottom_bar.cpp...
compiling Comp_00000.cpp...
compiling Comp_00001.cpp...
compiling Comp_00002.cpp...
compiling Comp_00003.cpp...
compiling Comp_00004.cpp...
compiling Comp_00005.cpp...
compiling Comp_00006.cpp...
compiling Comp_00009.cpp...
compiling Comp_00008.cpp...
compiling Comp_00007.cpp...
compiling Comp_00010.cpp...
compiling Comp_00011.cpp...
compiling Comp_00012.cpp...
compiling Comp_00013.cpp...
compiling Comp_00014.cpp...
compiling Comp_00015.cpp...
compiling Comp_00016.cpp...
compiling Comp_00017.cpp...
compiling Comp_00018.cpp...
compiling Comp_00020.cpp...
compiling Comp_00019.cpp...
compiling Comp_00022.cpp...
compiling Comp_00021.cpp...
compiling eco_wash.cpp...
compiling Font_SairaCondensed_Medium_14_4bpp_0.cpp...
compiling Comp_00023.cpp...
compiling Comp_00024.cpp...
compiling Comp_00025.cpp...
compiling Comp_00026.cpp...
compiling Font_SairaCondensed_Medium_16_4bpp_0.cpp...
compiling Font_SairaCondensed_Medium_22_4bpp_0.cpp...
compiling Font_verdana_20_4bpp_0.cpp...
compiling gotoMenu.cpp...
compiling GeneratedFont.cpp...
compiling FontCache.cpp...
compiling icon_about_40px.cpp...
compiling heat_60.cpp...
compiling icon_allergy_50px.cpp...
compiling icon_center_activewear.cpp...
compiling icon_center_activewear_medium.cpp...
compiling icon_center_delicates.cpp...
compiling icon_center_delicates_medium.cpp...
compiling FrontendApplicationBase.cpp...
../../gui/include/gui/common/FrontendApplication.hpp(18): warning:  #1300-D: handleClickEvent inherits implicit virtual
      void handleClickEvent(const ClickEvent& evt);
../../gui/include/gui/common/FrontendApplication.hpp(19): warning:  #1300-D: handleDragEvent inherits implicit virtual
      void handleDragEvent(const DragEvent& evt);
../../generated/gui_generated/src/common/frontendapplicationbase.cpp: 2 warnings, 0 errors
compiling icon_center_ecowash.cpp...
compiling icon_center_ecowash_medium.cpp...
compiling icon_center_heavyduty.cpp...
compiling icon_center_heavyduty_medium.cpp...
compiling icon_center_normal.cpp...
compiling icon_center_normal_medium.cpp...
compiling icon_center_quickwash.cpp...
compiling icon_center_smartwash.cpp...
compiling icon_eco_wash_50px.cpp...
compiling icon_center_smartwash_medium.cpp...
compiling icon_center_quickwash_medium.cpp...
compiling icon_heat_20_50px.cpp...
compiling icon_heat_30_50px.cpp...
compiling icon_heat_40_50px.cpp...
compiling icon_heat_90_50px.cpp...
compiling icon_heat_60_50px.cpp...
compiling icon_instructions_40px.cpp...
compiling icon_prewash_50px.cpp...
compiling icon_soil_high_50px.cpp...
compiling icon_soil_light_50px.cpp...
compiling icon_soil_medium_50px.cpp...
compiling icon_spin_speed_1000_rpm_50px.cpp...
compiling icon_spin_speed_1200_rpm_50px.cpp...
compiling icon_spin_speed_1400_rpm_50px.cpp...
compiling icon_spin_speed_1600_rpm_50px.cpp...
compiling Kerning_SairaCondensed_Medium_14_4bpp.cpp...
compiling icon_spin_speed_600_rpm_50px.cpp...
compiling icon_spin_speed_800_rpm_50px.cpp...
compiling Kerning_SairaCondensed_Medium_16_4bpp.cpp...
compiling Kerning_SairaCondensed_Medium_22_4bpp.cpp...
compiling Kerning_verdana_10_4bpp.cpp...
compiling Kerning_verdana_40_4bpp.cpp...
compiling left_arrow.cpp...
compiling LanguageGb.cpp...
compiling Kerning_verdana_20_4bpp.cpp...
compiling particle00.cpp...
compiling particle01.cpp...
compiling particle04.cpp...
compiling particle02.cpp...
compiling particle03.cpp...
compiling particle05.cpp...
compiling particle06.cpp...
compiling particle08.cpp...
compiling particle09.cpp...
compiling particle07.cpp...
compiling particle10.cpp...
compiling particle2_00.cpp...
compiling particle2_01.cpp...
compiling particle2_02.cpp...
compiling particle2_03.cpp...
compiling MainViewBase.cpp...
../../gui/include/gui/common/FrontendApplication.hpp(18): warning:  #1300-D: handleClickEvent inherits implicit virtual
      void handleClickEvent(const ClickEvent& evt);
../../gui/include/gui/common/FrontendApplication.hpp(19): warning:  #1300-D: handleDragEvent inherits implicit virtual
      void handleDragEvent(const DragEvent& evt);
../../generated/gui_generated/src/main_screen/mainviewbase.cpp: 2 warnings, 0 errors
compiling particle2_04.cpp...
compiling particle2_05.cpp...
compiling particle2_06.cpp...
compiling particle2_07.cpp...
compiling particle2_08.cpp...
compiling particle2_09.cpp...
compiling particle2_10.cpp...
compiling prewash.cpp...
compiling pause_stop_button.cpp...
compiling right_arrow.cpp...
compiling running_button.cpp...
compiling soil_level_medium.cpp...
compiling spin_1600.cpp...
compiling side_gradient_right.cpp...
compiling side_gradient_left.cpp...
compiling ScreenSaverViewBase.cpp...
../../gui/include/gui/common/FrontendApplication.hpp(18): warning:  #1300-D: handleClickEvent inherits implicit virtual
      void handleClickEvent(const ClickEvent& evt);
../../gui/include/gui/common/FrontendApplication.hpp(19): warning:  #1300-D: handleDragEvent inherits implicit virtual
      void handleDragEvent(const DragEvent& evt);
../../generated/gui_generated/src/screensaver_screen/screensaverviewbase.cpp: 2 warnings, 0 errors
compiling Table_SairaCondensed_Medium_14_4bpp.cpp...
compiling Table_SairaCondensed_Medium_16_4bpp.cpp...
compiling Table_verdana_10_4bpp.cpp...
compiling Table_SairaCondensed_Medium_22_4bpp.cpp...
compiling Table_verdana_20_4bpp.cpp...
compiling screensaver_background.cpp...
compiling Table_verdana_40_4bpp.cpp...
compiling top_wash_prewash_active.cpp...
compiling top_wash_prewash_done.cpp...
compiling Texts.cpp...
compiling top_wash_prewash_inactive.cpp...
compiling TGFX_shadow_logo.cpp...
compiling top_wash_rinsing_active.cpp...
compiling top_wash_rinsing_done.cpp...
compiling top_bar.cpp...
compiling top_wash_rinsing_inactive.cpp...
compiling top_wash_spin_cycle_active.cpp...
compiling top_wash_spin_cycle_done.cpp...
compiling top_wash_spin_cycle_inactive.cpp...
compiling top_wash_washing_active.cpp...
compiling top_wash_washing_done.cpp...
compiling top_wash_washing_inactive.cpp...
compiling TypedTextDatabase.cpp...
compiling video_pause_button.cpp...
compiling video_play_button.cpp...
compiling touchgfx_txt.cpp...
compiling wash_frame_01.cpp...
compiling video_background.cpp...
compiling wash_frame_02.cpp...
compiling wash_frame_04.cpp...
compiling VideoViewBase.cpp...
../../gui/include/gui/common/FrontendApplication.hpp(18): warning:  #1300-D: handleClickEvent inherits implicit virtual
      void handleClickEvent(const ClickEvent& evt);
../../gui/include/gui/common/FrontendApplication.hpp(19): warning:  #1300-D: handleDragEvent inherits implicit virtual
      void handleDragEvent(const DragEvent& evt);
../../generated/gui_generated/src/video_screen/videoviewbase.cpp: 2 warnings, 0 errors
compiling wash_frame_03.cpp...
compiling wash_frame_05.cpp...
compiling wash_frame_06.cpp...
compiling wash_frame_07.cpp...
compiling wash_frame_09.cpp...
compiling wash_frame_10.cpp...
compiling wash_frame_08.cpp...
compiling JPEGFile.cpp...
compiling jaricom.c...
compiling wash_frame_11.cpp...
compiling jcapistd.c...
compiling jcapimin.c...
compiling MJPEGWidget.cpp...
compiling jccoefct.c...
compiling jccolor.c...
compiling jcdctmgr.c...
compiling jcarith.c...
compiling jcinit.c...
compiling jcmainct.c...
compiling jchuff.c...
compiling jcomapi.c...
compiling jcparam.c...
compiling jcmarker.c...
compiling jcmaster.c...
compiling jcprepct.c...
compiling jctrans.c...
compiling jdapistd.c...
compiling jcsample.c...
compiling jdapimin.c...
compiling jdatasrc.c...
compiling jdarith.c...
compiling jdcoefct.c...
compiling jddctmgr.c...
compiling jdcolor.c...
compiling jdinput.c...
compiling jdmainct.c...
compiling jdmaster.c...
compiling jdmerge.c...
compiling jdpostct.c...
compiling jdhuff.c...
compiling jdsample.c...
compiling jdtrans.c...
compiling jerror.c...
compiling jdmarker.c...
compiling jfdctflt.c...
compiling jfdctfst.c...
compiling jfdctint.c...
compiling jidctflt.c...
compiling jidctfst.c...
compiling jidctint.c...
compiling video.c...
compiling jmemnobs.c...
compiling jmemmgr.c...
compiling jutils.c...
compiling jquant1.c...
compiling jquant2.c...
linking...
Program Size: Code=115228 RO-data=12649032 RW-data=668 ZI-data=235340  
FromELF: creating hex file...
After Build - User command #1: fromelf --only=ExtFlashSection --bin --output=binary .\Flash\application.axf
".\Flash\application.axf" - 0 Error(s), 36 Warning(s).

<h2>Software Packages used:</h2>

Package Vendor: Keil
                https://www.keil.com/pack/Keil.STM32F7xx_DFP.2.12.0.pack
                Keil.STM32F7xx_DFP.2.12.0
                STMicroelectronics STM32F7 Series Device Support, Drivers and Examples

<h2>Collection of Component include folders:</h2>
  .\RTE\_STM32F746G-DISCO
  C:\Keil_v5\ARM\PACK\Keil\STM32F7xx_DFP\2.12.0\Drivers\CMSIS\Device\ST\STM32F7xx\Include

<h2>Collection of Component Files used:</h2>
Build Time Elapsed:  00:01:27
</pre>
</body>
</html>
